// Jest Snapshot v1, https://goo.gl/fbAQLP

exports[`StorePreviewHolder Component render tests StorePreview in 'loaded' state Should correctly render 1`] = `
<div
  id="adminStorePreviewHolder"
>
  <div
    class="ui segment"
  >
    <h3
      class="adminStoreTitle"
    >
      first
    </h3>
    <div
      class="adminStoreDescription"
    >
      desc
    </div>
    <ul
      class="adminStoreDetails"
    >
      <li>
        Created At: NaN-undefined-NaN
      </li>
      <li>
        Edited At: Not Available
      </li>
    </ul>
    <div
      class="adminStoreImageDetails"
    >
      <h5>
        Displayed Images: 
      </h5>
    </div>
    <div
      aria-live="polite"
      class="image-gallery"
    >
      <div
        class="image-gallery-content bottom"
      >
        <div
          class="image-gallery-slide-wrapper bottom"
        >
          <div
            class="image-gallery-slides"
          />
          <button
            aria-label="Play or Pause Slideshow"
            class="image-gallery-icon image-gallery-play-button"
            type="button"
          >
            <svg
              class="image-gallery-svg"
              fill="none"
              stroke="currentColor"
              stroke-linecap="round"
              stroke-linejoin="round"
              stroke-width="2"
              viewBox="0 0 24 24"
              xmlns="http://www.w3.org/2000/svg"
            >
              <polygon
                points="5 3 19 12 5 21 5 3"
              />
            </svg>
          </button>
          <button
            aria-label="Open Fullscreen"
            class="image-gallery-icon image-gallery-fullscreen-button"
            type="button"
          >
            <svg
              class="image-gallery-svg"
              fill="none"
              stroke="currentColor"
              stroke-linecap="round"
              stroke-linejoin="round"
              stroke-width="2"
              viewBox="0 0 24 24"
              xmlns="http://www.w3.org/2000/svg"
            >
              <path
                d="M8 3H5a2 2 0 0 0-2 2v3m18 0V5a2 2 0 0 0-2-2h-3m0 18h3a2 2 0 0 0 2-2v-3M3 16v3a2 2 0 0 0 2 2h3"
              />
            </svg>
          </button>
        </div>
        <div
          class="image-gallery-thumbnails-wrapper bottom"
        >
          <div
            class="image-gallery-thumbnails"
          >
            <div
              aria-label="Thumbnail Navigation"
              class="image-gallery-thumbnails-container"
              style="transform: translate3d(0px, 0, 0);"
            />
          </div>
        </div>
      </div>
    </div>
  </div>
  <div
    class="ui segment"
  >
    <h3
      class="adminStoreTitle"
    >
      second
    </h3>
    <div
      class="adminStoreDescription"
    >
      desc
    </div>
    <ul
      class="adminStoreDetails"
    >
      <li>
        Created At: NaN-undefined-NaN
      </li>
      <li>
        Edited At: Not Available
      </li>
    </ul>
    <div
      class="adminStoreImageDetails"
    >
      <h5>
        Displayed Images: 
      </h5>
    </div>
    <div
      aria-live="polite"
      class="image-gallery"
    >
      <div
        class="image-gallery-content bottom"
      >
        <div
          class="image-gallery-slide-wrapper bottom"
        >
          <div
            class="image-gallery-slides"
          />
          <button
            aria-label="Play or Pause Slideshow"
            class="image-gallery-icon image-gallery-play-button"
            type="button"
          >
            <svg
              class="image-gallery-svg"
              fill="none"
              stroke="currentColor"
              stroke-linecap="round"
              stroke-linejoin="round"
              stroke-width="2"
              viewBox="0 0 24 24"
              xmlns="http://www.w3.org/2000/svg"
            >
              <polygon
                points="5 3 19 12 5 21 5 3"
              />
            </svg>
          </button>
          <button
            aria-label="Open Fullscreen"
            class="image-gallery-icon image-gallery-fullscreen-button"
            type="button"
          >
            <svg
              class="image-gallery-svg"
              fill="none"
              stroke="currentColor"
              stroke-linecap="round"
              stroke-linejoin="round"
              stroke-width="2"
              viewBox="0 0 24 24"
              xmlns="http://www.w3.org/2000/svg"
            >
              <path
                d="M8 3H5a2 2 0 0 0-2 2v3m18 0V5a2 2 0 0 0-2-2h-3m0 18h3a2 2 0 0 0 2-2v-3M3 16v3a2 2 0 0 0 2 2h3"
              />
            </svg>
          </button>
        </div>
        <div
          class="image-gallery-thumbnails-wrapper bottom"
        >
          <div
            class="image-gallery-thumbnails"
          >
            <div
              aria-label="Thumbnail Navigation"
              class="image-gallery-thumbnails-container"
              style="transform: translate3d(0px, 0, 0);"
            />
          </div>
        </div>
      </div>
    </div>
  </div>
  <div
    class="ui segment"
  >
    <h3
      class="adminStoreTitle"
    >
      third
    </h3>
    <div
      class="adminStoreDescription"
    >
      desc
    </div>
    <ul
      class="adminStoreDetails"
    >
      <li>
        Created At: NaN-undefined-NaN
      </li>
      <li>
        Edited At: Not Available
      </li>
    </ul>
    <div
      class="adminStoreImageDetails"
    >
      <h5>
        Displayed Images: 
      </h5>
    </div>
    <div
      aria-live="polite"
      class="image-gallery"
    >
      <div
        class="image-gallery-content bottom"
      >
        <div
          class="image-gallery-slide-wrapper bottom"
        >
          <div
            class="image-gallery-slides"
          />
          <button
            aria-label="Play or Pause Slideshow"
            class="image-gallery-icon image-gallery-play-button"
            type="button"
          >
            <svg
              class="image-gallery-svg"
              fill="none"
              stroke="currentColor"
              stroke-linecap="round"
              stroke-linejoin="round"
              stroke-width="2"
              viewBox="0 0 24 24"
              xmlns="http://www.w3.org/2000/svg"
            >
              <polygon
                points="5 3 19 12 5 21 5 3"
              />
            </svg>
          </button>
          <button
            aria-label="Open Fullscreen"
            class="image-gallery-icon image-gallery-fullscreen-button"
            type="button"
          >
            <svg
              class="image-gallery-svg"
              fill="none"
              stroke="currentColor"
              stroke-linecap="round"
              stroke-linejoin="round"
              stroke-width="2"
              viewBox="0 0 24 24"
              xmlns="http://www.w3.org/2000/svg"
            >
              <path
                d="M8 3H5a2 2 0 0 0-2 2v3m18 0V5a2 2 0 0 0-2-2h-3m0 18h3a2 2 0 0 0 2-2v-3M3 16v3a2 2 0 0 0 2 2h3"
              />
            </svg>
          </button>
        </div>
        <div
          class="image-gallery-thumbnails-wrapper bottom"
        >
          <div
            class="image-gallery-thumbnails"
          >
            <div
              aria-label="Thumbnail Navigation"
              class="image-gallery-thumbnails-container"
              style="transform: translate3d(0px, 0, 0);"
            />
          </div>
        </div>
      </div>
    </div>
  </div>
</div>
`;

exports[`StorePreviewHolder Component render tests StorePreviewHolder in 'loading' state Should correctly render 1`] = `
<div
  id="generalLoadingScreen"
  style="height: 100vh;"
>
  <div
    class="ui segment"
    style="height: 100vh;"
  >
    <div
      class="ui active transition visible inverted dimmer"
      style="display: flex;"
    >
      <div
        class="content"
      >
        <div
          class="ui text loader"
        >
          Please Wait
        </div>
      </div>
    </div>
  </div>
</div>
`;
