// Jest Snapshot v1, https://goo.gl/fbAQLP

exports[`AdminProductMenu component render tests Default component render Should properly render and match snapshot 1`] = `
<withRouter(AdminProductsMenu)
  dispatch={[Function]}
>
  <AdminProductsMenu
    dispatch={[Function]}
    history={
      Object {
        "action": "POP",
        "block": [Function],
        "canGo": [Function],
        "createHref": [Function],
        "entries": Array [
          Object {
            "hash": "",
            "pathname": "/admin/home/my_products",
            "search": "",
            "state": undefined,
          },
        ],
        "go": [Function],
        "goBack": [Function],
        "goForward": [Function],
        "index": 0,
        "length": 1,
        "listen": [Function],
        "location": Object {
          "hash": "",
          "pathname": "/admin/home/my_products",
          "search": "",
          "state": undefined,
        },
        "push": [Function],
        "replace": [Function],
      }
    }
    location={
      Object {
        "hash": "",
        "pathname": "/admin/home/my_products",
        "search": "",
        "state": undefined,
      }
    }
    match={
      Object {
        "isExact": false,
        "params": Object {},
        "path": "/",
        "url": "/",
      }
    }
  >
    <div
      className="adminProductsMenuFixed"
    >
      <Menu
        className="adminProductsMenu"
        tabular={true}
      >
        <div
          className="ui tabular adminProductsMenu menu"
        >
          <MenuItem
            active={false}
            content="View All Products"
            name="view_all"
            onClick={[Function]}
          >
            <a
              className="item"
              onClick={[Function]}
            >
              View All Products
            </a>
          </MenuItem>
          <MenuItem
            active={false}
            content="Create New Product"
            name="create"
            onClick={[Function]}
          >
            <a
              className="item"
              onClick={[Function]}
            >
              Create New Product
            </a>
          </MenuItem>
          <MenuItem
            active={false}
            content="Manage Products"
            name="manage"
            onClick={[Function]}
          >
            <a
              className="item"
              onClick={[Function]}
            >
              Manage Products
            </a>
          </MenuItem>
          <MenuItem
            active={false}
            content="View Sorted Products"
            name="sorted"
            onClick={[Function]}
          >
            <a
              className="item"
              onClick={[Function]}
            >
              View Sorted Products
            </a>
          </MenuItem>
        </div>
      </Menu>
    </div>
  </AdminProductsMenu>
</withRouter(AdminProductsMenu)>
`;
