// Jest Snapshot v1, https://goo.gl/fbAQLP

exports[`Product Image Upload Form Tests Render tests without any Image data Should properly render 1`] = `
<ProductImageUplForm>
  <div
    id="productImgUplFormHolder"
  >
    <div>
      <p>
        Image Uploader
      </p>
    </div>
    <Form
      as="form"
      id="productImgUploadForm"
    >
      <form
        className="ui form"
        id="productImgUploadForm"
        onSubmit={[Function]}
      >
        <div
          id="productImgInputControlls"
        >
          <Button
            as="label"
            content="Choose Image"
            htmlFor="productImgFile"
            icon="file"
            id="selectProductImgBtn"
            labelPosition="left"
            onClick={[Function]}
          >
            <Ref
              innerRef={
                Object {
                  "current": <label
                    class="ui icon left labeled button"
                    for="productImgFile"
                    id="selectProductImgBtn"
                    role="button"
                  >
                    <i
                      aria-hidden="true"
                      class="file icon"
                    />
                    Choose Image
                  </label>,
                }
              }
            >
              <RefFindNode
                innerRef={
                  Object {
                    "current": <label
                      class="ui icon left labeled button"
                      for="productImgFile"
                      id="selectProductImgBtn"
                      role="button"
                    >
                      <i
                        aria-hidden="true"
                        class="file icon"
                      />
                      Choose Image
                    </label>,
                  }
                }
              >
                <label
                  className="ui icon left labeled button"
                  htmlFor="productImgFile"
                  id="selectProductImgBtn"
                  onClick={[Function]}
                  role="button"
                >
                  <Icon
                    as="i"
                    name="file"
                  >
                    <i
                      aria-hidden="true"
                      className="file icon"
                      onClick={[Function]}
                    />
                  </Icon>
                  Choose Image
                </label>
              </RefFindNode>
            </Ref>
          </Button>
          <input
            hidden={true}
            id="productImgFile"
            onChange={[Function]}
            type="file"
          />
        </div>
        <span>
          No File
        </span>
      </form>
    </Form>
  </div>
</ProductImageUplForm>
`;
