// Jest Snapshot v1, https://goo.gl/fbAQLP

exports[`ProductPreviewHolder Component render tests 'ProductPreviewHolder' after a successful API call Should correctly render the 'Service' 'Grid' after successful API call 1`] = `
<withRouter(ProductsPreviewHolder)>
  <ProductsPreviewHolder
    history={
      Object {
        "action": "POP",
        "block": [Function],
        "canGo": [Function],
        "createHref": [Function],
        "entries": Array [
          Object {
            "hash": "",
            "pathname": "/admin/home/my_products/view_all",
            "search": "",
            "state": undefined,
          },
        ],
        "go": [Function],
        "goBack": [Function],
        "goForward": [Function],
        "index": 0,
        "length": 1,
        "listen": [Function],
        "location": Object {
          "hash": "",
          "pathname": "/admin/home/my_products/view_all",
          "search": "",
          "state": undefined,
        },
        "push": [Function],
        "replace": [Function],
      }
    }
    location={
      Object {
        "hash": "",
        "pathname": "/admin/home/my_products/view_all",
        "search": "",
        "state": undefined,
      }
    }
    match={
      Object {
        "isExact": false,
        "params": Object {},
        "path": "/",
        "url": "/",
      }
    }
  >
    <Grid
      columns={2}
      padded={true}
      stackable={true}
    >
      <div
        className="ui stackable padded two column grid"
      >
        <GridRow>
          <div
            className="row"
          >
            <GridColumn
              computer={10}
              mobile={16}
              tablet={8}
            >
              <div
                className="ten wide computer sixteen wide mobile eight wide tablet column"
              >
                <ItemGroup>
                  <div
                    className="ui items"
                  >
                    <ProductPreview
                      key="1"
                      product={
                        Object {
                          "_id": "1",
                          "createdAt": "now",
                          "description": "description",
                          "details": "details",
                          "images": Array [],
                          "name": "name",
                          "price": "100",
                        }
                      }
                    >
                      <Item
                        className="productPreviewItem"
                      >
                        <div
                          className="item productPreviewItem"
                        >
                          <ItemImage
                            size="small"
                            src="https://react.semantic-ui.com/images/wireframe/image.png"
                          >
                            <Image
                              as="img"
                              size="small"
                              src="https://react.semantic-ui.com/images/wireframe/image.png"
                              ui={true}
                              wrapped={true}
                            >
                              <div
                                className="ui small image"
                              >
                                <img
                                  src="https://react.semantic-ui.com/images/wireframe/image.png"
                                />
                              </div>
                            </Image>
                          </ItemImage>
                          <ItemContent>
                            <div
                              className="content"
                            >
                              <ItemMeta>
                                <div
                                  className="meta"
                                >
                                  Displayed name: 
                                  <strong>
                                    name
                                  </strong>
                                </div>
                              </ItemMeta>
                              <ItemMeta>
                                <div
                                  className="meta"
                                >
                                  <span
                                    className="productPrice"
                                  >
                                    Displayed Price: 
                                    <strong>
                                      100
                                    </strong>
                                  </span>
                                  <span
                                    className="productCreated"
                                  >
                                    Created At: 
                                    <strong>
                                      NaN-undefined-NaN
                                    </strong>
                                  </span>
                                </div>
                              </ItemMeta>
                              <ItemDescription>
                                <div
                                  className="description"
                                >
                                  description...
                                </div>
                              </ItemDescription>
                              <Button
                                as="button"
                                basic={true}
                                color="green"
                                content="View"
                              >
                                <Ref
                                  innerRef={
                                    Object {
                                      "current": <button
                                        class="ui green basic button"
                                      >
                                        View
                                      </button>,
                                    }
                                  }
                                >
                                  <RefFindNode
                                    innerRef={
                                      Object {
                                        "current": <button
                                          class="ui green basic button"
                                        >
                                          View
                                        </button>,
                                      }
                                    }
                                  >
                                    <button
                                      className="ui green basic button"
                                      onClick={[Function]}
                                    >
                                      View
                                    </button>
                                  </RefFindNode>
                                </Ref>
                              </Button>
                            </div>
                          </ItemContent>
                        </div>
                      </Item>
                    </ProductPreview>
                    <ProductPreview
                      key="2"
                      product={
                        Object {
                          "_id": "2",
                          "createdAt": "now",
                          "description": "description",
                          "details": "details",
                          "images": Array [],
                          "name": "name",
                          "price": "100",
                        }
                      }
                    >
                      <Item
                        className="productPreviewItem"
                      >
                        <div
                          className="item productPreviewItem"
                        >
                          <ItemImage
                            size="small"
                            src="https://react.semantic-ui.com/images/wireframe/image.png"
                          >
                            <Image
                              as="img"
                              size="small"
                              src="https://react.semantic-ui.com/images/wireframe/image.png"
                              ui={true}
                              wrapped={true}
                            >
                              <div
                                className="ui small image"
                              >
                                <img
                                  src="https://react.semantic-ui.com/images/wireframe/image.png"
                                />
                              </div>
                            </Image>
                          </ItemImage>
                          <ItemContent>
                            <div
                              className="content"
                            >
                              <ItemMeta>
                                <div
                                  className="meta"
                                >
                                  Displayed name: 
                                  <strong>
                                    name
                                  </strong>
                                </div>
                              </ItemMeta>
                              <ItemMeta>
                                <div
                                  className="meta"
                                >
                                  <span
                                    className="productPrice"
                                  >
                                    Displayed Price: 
                                    <strong>
                                      100
                                    </strong>
                                  </span>
                                  <span
                                    className="productCreated"
                                  >
                                    Created At: 
                                    <strong>
                                      NaN-undefined-NaN
                                    </strong>
                                  </span>
                                </div>
                              </ItemMeta>
                              <ItemDescription>
                                <div
                                  className="description"
                                >
                                  description...
                                </div>
                              </ItemDescription>
                              <Button
                                as="button"
                                basic={true}
                                color="green"
                                content="View"
                              >
                                <Ref
                                  innerRef={
                                    Object {
                                      "current": <button
                                        class="ui green basic button"
                                      >
                                        View
                                      </button>,
                                    }
                                  }
                                >
                                  <RefFindNode
                                    innerRef={
                                      Object {
                                        "current": <button
                                          class="ui green basic button"
                                        >
                                          View
                                        </button>,
                                      }
                                    }
                                  >
                                    <button
                                      className="ui green basic button"
                                      onClick={[Function]}
                                    >
                                      View
                                    </button>
                                  </RefFindNode>
                                </Ref>
                              </Button>
                            </div>
                          </ItemContent>
                        </div>
                      </Item>
                    </ProductPreview>
                  </div>
                </ItemGroup>
              </div>
            </GridColumn>
            <GridColumn
              computer={6}
              mobile={16}
              tablet={8}
            >
              <div
                className="six wide computer sixteen wide mobile eight wide tablet column"
              >
                <ProductsControls
                  totalProducts={2}
                >
                  <div
                    className="adminProductControlsHolder"
                  >
                    <div
                      className="adminProductControlsTitle"
                    >
                      Product Controls
                    </div>
                    <div
                      className="adminProductControls"
                    >
                      <div
                        className="adminProductCounter"
                      >
                        <div>
                          Total Products:
                        </div>
                        <div
                          className="adminProductsCount"
                        >
                          2
                        </div>
                      </div>
                    </div>
                  </div>
                </ProductsControls>
                <PopularProductHolder
                  popularProducts={
                    Array [
                      Object {
                        "_id": "1",
                        "createdAt": "now",
                        "description": "description",
                        "details": "details",
                        "images": Array [],
                        "name": "name",
                        "price": "100",
                      },
                      Object {
                        "_id": "2",
                        "createdAt": "now",
                        "description": "description",
                        "details": "details",
                        "images": Array [],
                        "name": "name",
                        "price": "100",
                      },
                    ]
                  }
                >
                  <div
                    className="popProductsHolder"
                  >
                    <div
                      className="popProductsHolTitle"
                    >
                      Popular Products
                    </div>
                    <ItemGroup
                      divided={true}
                    >
                      <div
                        className="ui divided items"
                      >
                        <PopularProduct
                          key="1"
                          popularProduct={
                            Object {
                              "_id": "1",
                              "createdAt": "now",
                              "description": "description",
                              "details": "details",
                              "images": Array [],
                              "name": "name",
                              "price": "100",
                            }
                          }
                        >
                          <Item>
                            <div
                              className="item"
                            >
                              <ItemImage
                                size="tiny"
                                src="https://react.semantic-ui.com/images/wireframe/image.png"
                              >
                                <Image
                                  as="img"
                                  size="tiny"
                                  src="https://react.semantic-ui.com/images/wireframe/image.png"
                                  ui={true}
                                  wrapped={true}
                                >
                                  <div
                                    className="ui tiny image"
                                  >
                                    <img
                                      src="https://react.semantic-ui.com/images/wireframe/image.png"
                                    />
                                  </div>
                                </Image>
                              </ItemImage>
                              <ItemContent>
                                <div
                                  className="content"
                                >
                                  <ItemHeader>
                                    <div
                                      className="header"
                                    >
                                      name
                                    </div>
                                  </ItemHeader>
                                  <ItemMeta>
                                    <div
                                      className="meta"
                                    >
                                      <span>
                                        Priced At: 
                                        <strong>
                                          100
                                        </strong>
                                      </span>
                                      <span>
                                        -
                                      </span>
                                      <span>
                                        Posted: 
                                        <strong>
                                          NaN-undefined-NaN
                                        </strong>
                                      </span>
                                    </div>
                                  </ItemMeta>
                                  <Button
                                    as="button"
                                    basic={true}
                                    color="blue"
                                    content="More..."
                                  >
                                    <Ref
                                      innerRef={
                                        Object {
                                          "current": <button
                                            class="ui blue basic button"
                                          >
                                            More...
                                          </button>,
                                        }
                                      }
                                    >
                                      <RefFindNode
                                        innerRef={
                                          Object {
                                            "current": <button
                                              class="ui blue basic button"
                                            >
                                              More...
                                            </button>,
                                          }
                                        }
                                      >
                                        <button
                                          className="ui blue basic button"
                                          onClick={[Function]}
                                        >
                                          More...
                                        </button>
                                      </RefFindNode>
                                    </Ref>
                                  </Button>
                                </div>
                              </ItemContent>
                            </div>
                          </Item>
                        </PopularProduct>
                        <PopularProduct
                          key="2"
                          popularProduct={
                            Object {
                              "_id": "2",
                              "createdAt": "now",
                              "description": "description",
                              "details": "details",
                              "images": Array [],
                              "name": "name",
                              "price": "100",
                            }
                          }
                        >
                          <Item>
                            <div
                              className="item"
                            >
                              <ItemImage
                                size="tiny"
                                src="https://react.semantic-ui.com/images/wireframe/image.png"
                              >
                                <Image
                                  as="img"
                                  size="tiny"
                                  src="https://react.semantic-ui.com/images/wireframe/image.png"
                                  ui={true}
                                  wrapped={true}
                                >
                                  <div
                                    className="ui tiny image"
                                  >
                                    <img
                                      src="https://react.semantic-ui.com/images/wireframe/image.png"
                                    />
                                  </div>
                                </Image>
                              </ItemImage>
                              <ItemContent>
                                <div
                                  className="content"
                                >
                                  <ItemHeader>
                                    <div
                                      className="header"
                                    >
                                      name
                                    </div>
                                  </ItemHeader>
                                  <ItemMeta>
                                    <div
                                      className="meta"
                                    >
                                      <span>
                                        Priced At: 
                                        <strong>
                                          100
                                        </strong>
                                      </span>
                                      <span>
                                        -
                                      </span>
                                      <span>
                                        Posted: 
                                        <strong>
                                          NaN-undefined-NaN
                                        </strong>
                                      </span>
                                    </div>
                                  </ItemMeta>
                                  <Button
                                    as="button"
                                    basic={true}
                                    color="blue"
                                    content="More..."
                                  >
                                    <Ref
                                      innerRef={
                                        Object {
                                          "current": <button
                                            class="ui blue basic button"
                                          >
                                            More...
                                          </button>,
                                        }
                                      }
                                    >
                                      <RefFindNode
                                        innerRef={
                                          Object {
                                            "current": <button
                                              class="ui blue basic button"
                                            >
                                              More...
                                            </button>,
                                          }
                                        }
                                      >
                                        <button
                                          className="ui blue basic button"
                                          onClick={[Function]}
                                        >
                                          More...
                                        </button>
                                      </RefFindNode>
                                    </Ref>
                                  </Button>
                                </div>
                              </ItemContent>
                            </div>
                          </Item>
                        </PopularProduct>
                      </div>
                    </ItemGroup>
                  </div>
                </PopularProductHolder>
              </div>
            </GridColumn>
          </div>
        </GridRow>
      </div>
    </Grid>
  </ProductsPreviewHolder>
</withRouter(ProductsPreviewHolder)>
`;
